// Jest Snapshot v1, https://goo.gl/fbAQLP

exports[`CreditScoreReport renders 1`] = `
<div
  className="report__creditScore"
>
  Your credit score is
  <p
    className="report__score"
  >
    100
  </p>
  out of 
  <b>
    700
  </b>
  <p
    className="report__description"
  >
    Not great
  </p>
</div>
`;
