// Jest Snapshot v1, https://goo.gl/fbAQLP

exports[`ReportContainer renders 1`] = `
<div>
  <div
    className="creditScore__report"
  >
    Your credit score is
    <p
      className="creditScore__score"
    >
      514
    </p>
    out of
    <p
      className="creditScore__maxScore"
    >
       
      700
       
    </p>
    <p
      className="creditScore__description"
    >
      Excellent
    </p>
  </div>
  <div
    className="longTermDebt__report"
  >
    Your long term debt total
    <p
      className="longTermDebt__currentDebt"
    >
      £
      24682
    </p>
    <p
      className="longTermDebt__creditLimit"
    >
      Total credit limit £
      0
       
    </p>
    <p
      className="longTermDebt__debtChange"
    >
      Down £327 from last month
       
    </p>
  </div>
</div>
`;
